// Jest Snapshot v1, https://goo.gl/fbAQLP

exports[`inputField renders inputField unchanged 1`] = `
<div>
  <div
    class="my-4 flex flex-col"
  >
    <label
      class="text-sm md:text-base"
      for=""
    />
    <input
      class="border custom-focus h-[34px] w-auto rounded-md border border-dark-violet ps-3 placeholder:text-base placeholder:text-dark-gray hover:border-hover active:outline-none active:ring-2 active:ring-offset-2 md:h-[44px]"
      id=""
      placeholder=""
      required=""
      type=""
    />
    <span />
  </div>
</div>
`;
