// Jest Snapshot v1, https://goo.gl/fbAQLP

exports[`InputPassword renders InputPassword unchanged 1`] = `
<div>
  <div
    class="relative my-4"
  >
    <label
      class="text-sm md:text-base"
      for=""
    />
    <div
      class="flex flex-col"
    >
      <input
        class="border custom-focus h-[34px] w-auto rounded-md border border-dark-violet ps-3 placeholder:text-base placeholder:text-dark-gray hover:border-hover active:outline-none active:ring-2 active:ring-offset-2 md:h-[44px]"
        id=""
        pattern=".{8,}"
        placeholder=""
        required=""
        type="password"
      />
      <span />
      <button
        class="custom-focus absolute right-4 mt-2 md:mt-4"
        type="button"
      >
        <span
          class="sr-only"
        >
          Show password
        </span>
        <img
          alt=""
          class="h-auto w-4"
          data-nimg="1"
          decoding="async"
          height="0"
          loading="lazy"
          src="/icons/visibility_off.svg"
          style="color: transparent;"
          width="0"
        />
      </button>
    </div>
  </div>
</div>
`;
