// Jest Snapshot v1, https://goo.gl/fbAQLP

exports[`renders homepage unchanged 1`] = `
<div>
  <main
    class="h-[100vh] bg-black flex flex-col items-center text-white"
  >
    <div
      class="flex justify-center mt-24"
    >
      <img
        alt="Rs Logo"
        data-nimg="1"
        decoding="async"
        height="162"
        loading="lazy"
        src="/_next/image?url=%2Fimages%2Frs_logo.png&w=384&q=75"
        srcset="/_next/image?url=%2Fimages%2Frs_logo.png&w=256&q=75 1x, /_next/image?url=%2Fimages%2Frs_logo.png&w=384&q=75 2x"
        style="color: transparent;"
        width="162"
      />
    </div>
    <div
      class="flex mt-36 text-5xl font-semibold"
    >
      Black Market
    </div>
    <div
      class="mt-20 rounded-xl flex p-9 py-6 justify-center text-5xl bg-pink-600"
    >
      UI
    </div>
    <div
      class="flex mt-28 font-normal text-2xl"
    >
      Collaborators
    </div>
    <div
      class="mt-16 bg-[url('/images/bg_collaborator.png')] bg-no-repeat w-16 text-black p-4 font-semibold text-2xl"
    >
      FV
    </div>
  </main>
</div>
`;
